17:20:35 **** Incremental Build of configuration Debug for project led_blinking ****
make -j12 all 
arm-none-eabi-gcc "../Src/main.c" -mcpu=cortex-m4 -std=gnu11 -g3 -DDEBUG -DSTM32 -DSTM32F4 -DSTM32F405RGTx -c -I../Inc -O0 -ffunction-sections -fdata-sections -Wall -fstack-usage -fcyclomatic-complexity -MMD -MP -MF"Src/main.d" -MT"Src/main.o" --specs=nano.specs -mfloat-abi=soft -mthumb -o "Src/main.o"
arm-none-eabi-gcc -o "led_blinking.elf" @"objects.list"   -mcpu=cortex-m4 -T"/home/mathi/Documents/stm32savings/led_blinking/STM32F405RGTX_FLASH.ld" --specs=nosys.specs -Wl,-Map="led_blinking.map" -Wl,--gc-sections -static --specs=nano.specs -mfloat-abi=soft -mthumb -Wl,--start-group -lc -lm -Wl,--end-group
Finished building target: led_blinking.elf
 
arm-none-eabi-size  led_blinking.elf 
arm-none-eabi-objdump -h -S led_blinking.elf  > "led_blinking.list"
   text	   data	    bss	    dec	    hex	filename
    916	      8	   1568	   2492	    9bc	led_blinking.elf
Finished building: default.size.stdout
 
Finished building: led_blinking.list
 
