11:51:26 **** Incremental Build of configuration Debug for project 001Helloworld ****
make -j12 all 
arm-none-eabi-gcc "../Src/syscalls.c" -mcpu=cortex-m4 -std=gnu11 -g3 -DDEBUG -DSTM32 -DSTM32F4 -DSTM32F405RGTx -c -I../Inc -O0 -ffunction-sections -fdata-sections -Wall -fstack-usage -fcyclomatic-complexity -MMD -MP -MF"Src/syscalls.d" -MT"Src/syscalls.o" --specs=nano.specs -mfloat-abi=soft -mthumb -o "Src/syscalls.o"
arm-none-eabi-gcc -o "001Helloworld.elf" @"objects.list"   -mcpu=cortex-m4 -T"/home/mathi/Documents/stm32savings/001Helloworld/STM32F405RGTX_FLASH.ld" --specs=nosys.specs -Wl,-Map="001Helloworld.map" -Wl,--gc-sections -static --specs=nano.specs -mfloat-abi=soft -mthumb -Wl,--start-group -lc -lm -Wl,--end-group
Finished building target: 001Helloworld.elf
 
arm-none-eabi-size  001Helloworld.elf 
arm-none-eabi-objdump -h -S 001Helloworld.elf  > "001Helloworld.list"
   text	   data	    bss	    dec	    hex	filename
   3368	    100	   1900	   5368	   14f8	001Helloworld.elf
Finished building: default.size.stdout
 
Finished building: 001Helloworld.list
 
11:56:12 **** Incremental Build of configuration Debug for project 001Helloworld ****
make -j12 all 
arm-none-eabi-size  001Helloworld.elf 
   text	   data	    bss	    dec	    hex	filename
   3368	    100	   1900	   5368	   14f8	001Helloworld.elf
Finished building: default.size.stdout
 
12:06:03 **** Incremental Build of configuration Debug for project 001Helloworld ****
make -j12 all 
arm-none-eabi-size  001Helloworld.elf 
   text	   data	    bss	    dec	    hex	filename
   3368	    100	   1900	   5368	   14f8	001Helloworld.elf
Finished building: default.size.stdout
 
12:06:35 **** Incremental Build of configuration Debug for project 001Helloworld ****
make -j12 all 
arm-none-eabi-size  001Helloworld.elf 
   text	   data	    bss	    dec	    hex	filename
   3368	    100	   1900	   5368	   14f8	001Helloworld.elf
Finished building: default.size.stdout
 
12:07:51 **** Incremental Build of configuration Debug for project 001Helloworld ****
make -j12 all 
arm-none-eabi-size  001Helloworld.elf 
   text	   data	    bss	    dec	    hex	filename
   3368	    100	   1900	   5368	   14f8	001Helloworld.elf
Finished building: default.size.stdout
 
12:09:55 **** Incremental Build of configuration Debug for project 001Helloworld ****
make -j12 all 
arm-none-eabi-size  001Helloworld.elf 
   text	   data	    bss	    dec	    hex	filename
   3368	    100	   1900	   5368	   14f8	001Helloworld.elf
Finished building: default.size.stdout
 
12:10:33 **** Incremental Build of configuration Debug for project 001Helloworld ****
make -j12 all 
arm-none-eabi-size  001Helloworld.elf 
   text	   data	    bss	    dec	    hex	filename
   3368	    100	   1900	   5368	   14f8	001Helloworld.elf
Finished building: default.size.stdout
 
12:11:05 **** Incremental Build of configuration Debug for project 001Helloworld ****
make -j12 all 
arm-none-eabi-size  001Helloworld.elf 
   text	   data	    bss	    dec	    hex	filename
   3368	    100	   1900	   5368	   14f8	001Helloworld.elf
Finished building: default.size.stdout
 
12:12:14 **** Incremental Build of configuration Debug for project 001Helloworld ****
make -j12 all 
arm-none-eabi-size  001Helloworld.elf 
   text	   data	    bss	    dec	    hex	filename
   3368	    100	   1900	   5368	   14f8	001Helloworld.elf
Finished building: default.size.stdout
 
12:17:17 **** Incremental Build of configuration Debug for project 001Helloworld ****
make -j12 all 
arm-none-eabi-size  001Helloworld.elf 
   text	   data	    bss	    dec	    hex	filename
   3368	    100	   1900	   5368	   14f8	001Helloworld.elf
Finished building: default.size.stdout
 
